0 verbose cli H:\A_Program\node\node.exe H:\A_Program\node\node_modules\npm\bin\npm-cli.js
1 info using npm@11.12.1
2 info using node@v24.15.0
3 silly config load:file:H:\A_Program\node\node_modules\npm\npmrc
4 silly config load:file:C:\Users\13429\AppData\Local\Microsoft\TypeScript\6.0\.npmrc
5 silly config load:file:C:\Users\13429\.npmrc
6 silly config load:file:H:\A_Program\node\node_global\etc\npmrc
7 verbose title npm install types-registry@latest
8 verbose argv "install" "--ignore-scripts" "types-registry@latest"
9 verbose logfile logs-max:10 dir:G:\Code\A_project\QingGe\vue\.npm-cache\_logs\2026-06-05T09_18_54_813Z-
10 verbose logfile G:\Code\A_project\QingGe\vue\.npm-cache\_logs\2026-06-05T09_18_54_813Z-debug-0.log
11 silly logfile start cleaning logs, removing 1 files
12 silly packumentCache heap:4496293888 maxSize:1124073472 maxEntrySize:562036736
13 silly logfile done cleaning log files
14 silly packumentCache corgi:http://registry.npmmirror.com/types-registry cache-miss
15 http fetch GET 200 https://registry.npmmirror.com/types-registry 181ms (cache miss)
16 silly packumentCache corgi:http://registry.npmmirror.com/types-registry set size:155929 disposed:false
17 silly idealTree buildDeps
18 silly fetch manifest types-registry@0.1.772
19 silly packumentCache full:http://registry.npmmirror.com/types-registry cache-miss
20 http fetch GET 200 https://registry.npmmirror.com/types-registry 140ms (cache miss)
21 silly packumentCache full:http://registry.npmmirror.com/types-registry set size:245204 disposed:false
22 silly placeDep ROOT types-registry@0.1.772 OK for:  want: 0.1.772
23 silly reify moves {}
24 silly audit bulk request { 'types-registry': [ '0.1.772' ] }
25 http cache types-registry@https://registry.npmmirror.com/types-registry/-/types-registry-0.1.772.tgz 0ms (cache hit)
26 silly tarball no local data for types-registry@https://registry.npmmirror.com/types-registry/-/types-registry-0.1.772.tgz. Extracting by manifest.
27 http fetch POST 404 https://registry.npmmirror.com/-/npm/v1/security/advisories/bulk 65ms (cache skip)
28 verbose audit error HttpErrorGeneral: 404 Not Found - POST https://registry.npmmirror.com/-/npm/v1/security/advisories/bulk - [NOT_IMPLEMENTED] /-/npm/v1/security/* not implemented yet
28 verbose audit error     at H:\A_Program\node\node_modules\npm\node_modules\npm-registry-fetch\lib\check-response.js:103:15
28 verbose audit error     at process.processTicksAndRejections (node:internal/process/task_queues:104:5)
28 verbose audit error     at async #getReport (H:\A_Program\node\node_modules\npm\node_modules\@npmcli\arborist\lib\audit-report.js:275:19)
28 verbose audit error     at async AuditReport.run (H:\A_Program\node\node_modules\npm\node_modules\@npmcli\arborist\lib\audit-report.js:100:19) {
28 verbose audit error   headers: [Object: null prototype] {
28 verbose audit error     server: [ 'Tengine' ],
28 verbose audit error     date: [ 'Fri, 05 Jun 2026 09:18:56 GMT' ],
28 verbose audit error     'content-type': [ 'application/json' ],
28 verbose audit error     'transfer-encoding': [ 'chunked' ],
28 verbose audit error     connection: [ 'keep-alive' ],
28 verbose audit error     'strict-transport-security': [ 'max-age=5184000' ],
28 verbose audit error     via: [ 'kunlun3.cn9039[,404666]' ],
28 verbose audit error     'timing-allow-origin': [ '*' ],
28 verbose audit error     eagleid: [ '78e9180817806511362445915e' ],
28 verbose audit error     'x-fetch-attempts': [ '1' ],
28 verbose audit error     'x-local-cache-status': [ 'skip' ]
28 verbose audit error   },
28 verbose audit error   statusCode: 404,
28 verbose audit error   code: 'E404',
28 verbose audit error   method: 'POST',
28 verbose audit error   uri: 'https://registry.npmmirror.com/-/npm/v1/security/advisories/bulk',
28 verbose audit error   body: {
28 verbose audit error     error: '[NOT_IMPLEMENTED] /-/npm/v1/security/* not implemented yet'
28 verbose audit error   },
28 verbose audit error   pkgid: undefined
28 verbose audit error }
29 silly audit error [object Object]
30 silly audit report null
31 http fetch GET 200 https://cdn.npmmirror.com/packages/types-registry/0.1.772/types-registry-0.1.772.tgz 211ms (cache miss)
32 silly ADD node_modules/types-registry
33 verbose cwd C:\Users\13429\AppData\Local\Microsoft\TypeScript\6.0
34 verbose os Windows_NT 10.0.26200
35 verbose node v24.15.0
36 verbose npm  v11.12.1
37 verbose exit 0
38 info ok
