0 verbose cli H:\A_Program\node\node.exe H:\A_Program\node\node_modules\npm\bin\npm-cli.js
1 info using npm@11.12.1
2 info using node@v24.15.0
3 silly config load:file:H:\A_Program\node\node_modules\npm\npmrc
4 silly config load:file:G:\Code\A_project\QingGe\vue\.npmrc
5 silly config load:file:C:\Users\13429\.npmrc
6 silly config load:file:H:\A_Program\node\node_global\etc\npmrc
7 verbose title npm install
8 verbose argv "install"
9 verbose logfile logs-max:10 dir:G:\Code\A_project\QingGe\vue\.npm-cache\_logs\2026-06-05T11_10_47_609Z-
10 verbose logfile G:\Code\A_project\QingGe\vue\.npm-cache\_logs\2026-06-05T11_10_47_609Z-debug-0.log
11 silly logfile start cleaning logs, removing 1 files
12 silly packumentCache heap:4496293888 maxSize:1124073472 maxEntrySize:562036736
13 silly logfile done cleaning log files
14 silly idealTree buildDeps
15 silly fetch manifest axios@^1.6.7
16 silly packumentCache full:http://registry.npmmirror.com/axios cache-miss
17 verbose shrinkwrap failed to load node_modules/.package-lock.json out of date, updated: node_modules
18 http fetch GET 200 https://registry.npmmirror.com/axios 227ms (cache miss)
19 silly packumentCache full:http://registry.npmmirror.com/axios set size:133370 disposed:false
20 silly fetch manifest path-browserify@^1.0.1
21 silly packumentCache full:http://registry.npmmirror.com/path-browserify cache-miss
22 http fetch GET 200 https://registry.npmmirror.com/path-browserify 95ms (cache miss)
23 silly packumentCache full:http://registry.npmmirror.com/path-browserify set size:3449 disposed:false
24 silly fetch manifest pinia@^2.1.7
25 silly packumentCache full:http://registry.npmmirror.com/pinia cache-miss
26 http fetch GET 200 https://registry.npmmirror.com/pinia 101ms (cache miss)
27 silly packumentCache full:http://registry.npmmirror.com/pinia set size:75692 disposed:false
28 silly fetch manifest typescript@>=4.4.4
29 silly packumentCache full:http://registry.npmmirror.com/typescript cache-miss
30 http fetch GET 200 https://registry.npmmirror.com/typescript 164ms (cache miss)
31 silly packumentCache full:http://registry.npmmirror.com/typescript set size:1685991 disposed:false
32 silly fetch manifest vue@^3.5.22
33 silly packumentCache full:http://registry.npmmirror.com/vue cache-miss
34 http fetch GET 200 https://registry.npmmirror.com/vue 80ms (cache miss)
35 silly packumentCache full:http://registry.npmmirror.com/vue set size:374237 disposed:false
36 silly placeDep ROOT axios@1.17.0 OK for: vue@0.0.0 want: ^1.6.7
37 silly placeDep ROOT path-browserify@1.0.1 OK for: vue@0.0.0 want: ^1.0.1
38 silly placeDep ROOT pinia@2.3.1 OK for: vue@0.0.0 want: ^2.1.7
39 silly fetch manifest form-data@^4.0.5
40 silly packumentCache full:http://registry.npmmirror.com/form-data cache-miss
41 silly fetch manifest proxy-from-env@^2.1.0
42 silly packumentCache full:http://registry.npmmirror.com/proxy-from-env cache-miss
43 silly fetch manifest follow-redirects@^1.16.0
44 silly packumentCache full:http://registry.npmmirror.com/follow-redirects cache-miss
45 silly fetch manifest https-proxy-agent@^5.0.1
46 silly packumentCache full:http://registry.npmmirror.com/https-proxy-agent cache-miss
47 silly fetch manifest vue-demi@^0.14.10
48 silly packumentCache full:http://registry.npmmirror.com/vue-demi cache-miss
49 http fetch GET 200 https://registry.npmmirror.com/form-data 43ms (cache miss)
50 silly packumentCache full:http://registry.npmmirror.com/form-data set size:25145 disposed:false
51 http fetch GET 200 https://registry.npmmirror.com/vue-demi 80ms (cache miss)
52 silly packumentCache full:http://registry.npmmirror.com/vue-demi set size:41379 disposed:false
53 http fetch GET 200 https://registry.npmmirror.com/proxy-from-env 110ms (cache miss)
54 silly packumentCache full:http://registry.npmmirror.com/proxy-from-env set size:6518 disposed:false
55 http fetch GET 200 https://registry.npmmirror.com/follow-redirects 112ms (cache miss)
56 silly packumentCache full:http://registry.npmmirror.com/follow-redirects set size:30122 disposed:false
57 http fetch GET 200 https://registry.npmmirror.com/https-proxy-agent 113ms (cache miss)
58 silly packumentCache full:http://registry.npmmirror.com/https-proxy-agent set size:15916 disposed:false
59 silly placeDep ROOT follow-redirects@1.16.0 OK for: axios@1.17.0 want: ^1.16.0
60 silly placeDep ROOT form-data@4.0.5 OK for: axios@1.17.0 want: ^4.0.5
61 silly placeDep ROOT https-proxy-agent@5.0.1 OK for: axios@1.17.0 want: ^5.0.1
62 silly placeDep ROOT proxy-from-env@2.1.0 OK for: axios@1.17.0 want: ^2.1.0
63 silly fetch manifest asynckit@^0.4.0
64 silly packumentCache full:http://registry.npmmirror.com/asynckit cache-miss
65 silly fetch manifest combined-stream@^1.0.8
66 silly packumentCache full:http://registry.npmmirror.com/combined-stream cache-miss
67 silly fetch manifest es-set-tostringtag@^2.1.0
68 silly packumentCache full:http://registry.npmmirror.com/es-set-tostringtag cache-miss
69 silly fetch manifest hasown@^2.0.2
70 silly packumentCache full:http://registry.npmmirror.com/hasown cache-miss
71 silly fetch manifest mime-types@^2.1.12
72 silly packumentCache full:http://registry.npmmirror.com/mime-types cache-miss
73 http fetch GET 200 https://registry.npmmirror.com/asynckit 36ms (cache miss)
74 silly packumentCache full:http://registry.npmmirror.com/asynckit set size:4942 disposed:false
75 silly fetch manifest agent-base@6
76 silly packumentCache full:http://registry.npmmirror.com/agent-base cache-miss
77 http fetch GET 200 https://registry.npmmirror.com/es-set-tostringtag 40ms (cache miss)
78 silly packumentCache full:http://registry.npmmirror.com/es-set-tostringtag set size:6558 disposed:false
79 http fetch GET 200 https://registry.npmmirror.com/combined-stream 41ms (cache miss)
80 silly packumentCache full:http://registry.npmmirror.com/combined-stream set size:7154 disposed:false
81 http fetch GET 200 https://registry.npmmirror.com/hasown 42ms (cache miss)
82 silly packumentCache full:http://registry.npmmirror.com/hasown set size:4802 disposed:false
83 http fetch GET 200 https://registry.npmmirror.com/agent-base 32ms (cache miss)
84 silly packumentCache full:http://registry.npmmirror.com/agent-base set size:13928 disposed:false
85 http fetch GET 200 https://registry.npmmirror.com/mime-types 72ms (cache miss)
86 silly packumentCache full:http://registry.npmmirror.com/mime-types set size:21356 disposed:false
87 silly placeDep ROOT asynckit@0.4.0 OK for: form-data@4.0.5 want: ^0.4.0
88 silly placeDep ROOT combined-stream@1.0.8 OK for: form-data@4.0.5 want: ^1.0.8
89 silly placeDep ROOT es-set-tostringtag@2.1.0 OK for: form-data@4.0.5 want: ^2.1.0
90 silly placeDep ROOT hasown@2.0.4 OK for: form-data@4.0.5 want: ^2.0.2
91 silly placeDep ROOT mime-types@2.1.35 OK for: form-data@4.0.5 want: ^2.1.12
92 silly fetch manifest delayed-stream@~1.0.0
93 silly packumentCache full:http://registry.npmmirror.com/delayed-stream cache-miss
94 silly fetch manifest es-errors@^1.3.0
95 silly packumentCache full:http://registry.npmmirror.com/es-errors cache-miss
96 silly fetch manifest get-intrinsic@^1.2.6
97 silly packumentCache full:http://registry.npmmirror.com/get-intrinsic cache-miss
98 silly fetch manifest has-tostringtag@^1.0.2
99 silly packumentCache full:http://registry.npmmirror.com/has-tostringtag cache-miss
100 silly fetch manifest function-bind@^1.1.2
101 silly packumentCache full:http://registry.npmmirror.com/function-bind cache-miss
102 http fetch GET 200 https://registry.npmmirror.com/function-bind 37ms (cache miss)
103 silly packumentCache full:http://registry.npmmirror.com/function-bind set size:4376 disposed:false
104 silly fetch manifest mime-db@1.52.0
105 silly packumentCache full:http://registry.npmmirror.com/mime-db cache-miss
106 http fetch GET 200 https://registry.npmmirror.com/has-tostringtag 40ms (cache miss)
107 silly packumentCache full:http://registry.npmmirror.com/has-tostringtag set size:3448 disposed:false
108 http fetch GET 200 https://registry.npmmirror.com/get-intrinsic 41ms (cache miss)
109 silly packumentCache full:http://registry.npmmirror.com/get-intrinsic set size:11575 disposed:false
110 http fetch GET 200 https://registry.npmmirror.com/delayed-stream 43ms (cache miss)
111 silly packumentCache full:http://registry.npmmirror.com/delayed-stream set size:4333 disposed:false
112 http fetch GET 200 https://registry.npmmirror.com/es-errors 43ms (cache miss)
113 silly packumentCache full:http://registry.npmmirror.com/es-errors set size:4030 disposed:false
114 http fetch GET 200 https://registry.npmmirror.com/mime-db 40ms (cache miss)
115 silly packumentCache full:http://registry.npmmirror.com/mime-db set size:24206 disposed:false
116 silly placeDep ROOT delayed-stream@1.0.0 OK for: combined-stream@1.0.8 want: ~1.0.0
117 silly placeDep ROOT es-errors@1.3.0 OK for: es-set-tostringtag@2.1.0 want: ^1.3.0
118 silly placeDep ROOT get-intrinsic@1.3.0 OK for: es-set-tostringtag@2.1.0 want: ^1.2.6
119 silly placeDep ROOT has-tostringtag@1.0.2 OK for: es-set-tostringtag@2.1.0 want: ^1.0.2
120 silly fetch manifest call-bind-apply-helpers@^1.0.2
121 silly packumentCache full:http://registry.npmmirror.com/call-bind-apply-helpers cache-miss
122 silly fetch manifest es-define-property@^1.0.1
123 silly packumentCache full:http://registry.npmmirror.com/es-define-property cache-miss
124 silly fetch manifest es-object-atoms@^1.1.1
125 silly packumentCache full:http://registry.npmmirror.com/es-object-atoms cache-miss
126 silly fetch manifest get-proto@^1.0.1
127 silly packumentCache full:http://registry.npmmirror.com/get-proto cache-miss
128 silly fetch manifest gopd@^1.2.0
129 silly packumentCache full:http://registry.npmmirror.com/gopd cache-miss
130 http fetch GET 200 https://registry.npmmirror.com/call-bind-apply-helpers 30ms (cache miss)
131 silly packumentCache full:http://registry.npmmirror.com/call-bind-apply-helpers set size:3532 disposed:false
132 silly fetch manifest has-symbols@^1.1.0
133 silly packumentCache full:http://registry.npmmirror.com/has-symbols cache-miss
134 http fetch GET 200 https://registry.npmmirror.com/es-define-property 34ms (cache miss)
135 silly packumentCache full:http://registry.npmmirror.com/es-define-property set size:2896 disposed:false
136 silly fetch manifest math-intrinsics@^1.1.0
137 silly packumentCache full:http://registry.npmmirror.com/math-intrinsics cache-miss
138 http fetch GET 200 https://registry.npmmirror.com/get-proto 38ms (cache miss)
139 silly packumentCache full:http://registry.npmmirror.com/get-proto set size:2799 disposed:false
140 silly fetch manifest has-symbols@^1.0.3
141 silly packumentCache full:http://registry.npmmirror.com/has-symbols cache-miss
142 http fetch GET 200 https://registry.npmmirror.com/gopd 39ms (cache miss)
143 silly packumentCache full:http://registry.npmmirror.com/gopd set size:3962 disposed:false
144 http fetch GET 200 https://registry.npmmirror.com/es-object-atoms 41ms (cache miss)
145 silly packumentCache full:http://registry.npmmirror.com/es-object-atoms set size:4324 disposed:false
146 http fetch GET 200 https://registry.npmmirror.com/has-symbols 31ms (cache miss)
147 silly packumentCache full:http://registry.npmmirror.com/has-symbols set size:5325 disposed:false
148 http fetch GET 200 https://registry.npmmirror.com/math-intrinsics 32ms (cache miss)
149 silly packumentCache full:http://registry.npmmirror.com/math-intrinsics set size:3012 disposed:false
150 http fetch GET 200 https://registry.npmmirror.com/has-symbols 29ms (cache miss)
151 silly packumentCache full:http://registry.npmmirror.com/has-symbols set size:5325 disposed:false
152 silly packumentCache full:http://registry.npmmirror.com/has-symbols dispose
153 silly placeDep ROOT call-bind-apply-helpers@1.0.2 OK for: get-intrinsic@1.3.0 want: ^1.0.2
154 silly placeDep ROOT es-define-property@1.0.1 OK for: get-intrinsic@1.3.0 want: ^1.0.1
155 silly placeDep ROOT es-object-atoms@1.1.2 OK for: get-intrinsic@1.3.0 want: ^1.1.1
156 silly placeDep ROOT function-bind@1.1.2 OK for: get-intrinsic@1.3.0 want: ^1.1.2
157 silly placeDep ROOT get-proto@1.0.1 OK for: get-intrinsic@1.3.0 want: ^1.0.1
158 silly placeDep ROOT gopd@1.2.0 OK for: get-intrinsic@1.3.0 want: ^1.2.0
159 silly placeDep ROOT has-symbols@1.1.0 OK for: get-intrinsic@1.3.0 want: ^1.1.0
160 silly placeDep ROOT math-intrinsics@1.1.0 OK for: get-intrinsic@1.3.0 want: ^1.1.0
161 silly fetch manifest dunder-proto@^1.0.1
162 silly packumentCache full:http://registry.npmmirror.com/dunder-proto cache-miss
163 http fetch GET 200 https://registry.npmmirror.com/dunder-proto 36ms (cache miss)
164 silly packumentCache full:http://registry.npmmirror.com/dunder-proto set size:2798 disposed:false
165 silly placeDep ROOT dunder-proto@1.0.1 OK for: get-proto@1.0.1 want: ^1.0.1
166 silly placeDep ROOT agent-base@6.0.2 OK for: https-proxy-agent@5.0.1 want: 6
167 silly placeDep ROOT mime-db@1.52.0 OK for: mime-types@2.1.35 want: 1.52.0
168 silly fetch manifest @vue/composition-api@^1.0.0-rc.1
169 silly packumentCache full:http://registry.npmmirror.com/@vue%2fcomposition-api cache-miss
170 http fetch GET 200 https://registry.npmmirror.com/@vue%2fcomposition-api 100ms (cache miss)
171 silly packumentCache full:http://registry.npmmirror.com/@vue%2fcomposition-api set size:60414 disposed:false
172 silly fetch manifest vue@^2.7.0 || ^3.5.11
173 silly packumentCache full:http://registry.npmmirror.com/vue cache-hit
174 silly fetch manifest vue@>= 2.5 < 2.7
175 silly packumentCache full:http://registry.npmmirror.com/vue cache-hit
176 silly placeDep ROOT vue-demi@0.14.10 OK for: pinia@2.3.1 want: ^0.14.10
177 silly reify mark retired [
177 silly reify   'G:\\Code\\A_project\\QingGe\\vue\\node_modules\\@vueuse\\core\\node_modules\\vue-demi',
177 silly reify   'G:\\Code\\A_project\\QingGe\\vue\\node_modules\\@vueuse\\core\\node_modules\\.bin\\vue-demi-fix',
177 silly reify   'G:\\Code\\A_project\\QingGe\\vue\\node_modules\\@vueuse\\core\\node_modules\\.bin\\vue-demi-fix.cmd',
177 silly reify   'G:\\Code\\A_project\\QingGe\\vue\\node_modules\\@vueuse\\core\\node_modules\\.bin\\vue-demi-fix.ps1',
177 silly reify   'G:\\Code\\A_project\\QingGe\\vue\\node_modules\\@vueuse\\core\\node_modules\\.bin\\vue-demi-switch',
177 silly reify   'G:\\Code\\A_project\\QingGe\\vue\\node_modules\\@vueuse\\core\\node_modules\\.bin\\vue-demi-switch.cmd',
177 silly reify   'G:\\Code\\A_project\\QingGe\\vue\\node_modules\\@vueuse\\core\\node_modules\\.bin\\vue-demi-switch.ps1'
177 silly reify ]
178 silly reify mark retired [
178 silly reify   'G:\\Code\\A_project\\QingGe\\vue\\node_modules\\@vueuse\\shared\\node_modules\\vue-demi',
178 silly reify   'G:\\Code\\A_project\\QingGe\\vue\\node_modules\\@vueuse\\shared\\node_modules\\.bin\\vue-demi-fix',
178 silly reify   'G:\\Code\\A_project\\QingGe\\vue\\node_modules\\@vueuse\\shared\\node_modules\\.bin\\vue-demi-fix.cmd',
178 silly reify   'G:\\Code\\A_project\\QingGe\\vue\\node_modules\\@vueuse\\shared\\node_modules\\.bin\\vue-demi-fix.ps1',
178 silly reify   'G:\\Code\\A_project\\QingGe\\vue\\node_modules\\@vueuse\\shared\\node_modules\\.bin\\vue-demi-switch',
178 silly reify   'G:\\Code\\A_project\\QingGe\\vue\\node_modules\\@vueuse\\shared\\node_modules\\.bin\\vue-demi-switch.cmd',
178 silly reify   'G:\\Code\\A_project\\QingGe\\vue\\node_modules\\@vueuse\\shared\\node_modules\\.bin\\vue-demi-switch.ps1'
178 silly reify ]
179 silly reify moves {
179 silly reify   'G:\\Code\\A_project\\QingGe\\vue\\node_modules\\@vueuse\\core\\node_modules\\vue-demi': 'G:\\Code\\A_project\\QingGe\\vue\\node_modules\\@vueuse\\core\\node_modules\\.vue-demi-fAAP2qq7',
179 silly reify   'G:\\Code\\A_project\\QingGe\\vue\\node_modules\\@vueuse\\core\\node_modules\\.bin\\vue-demi-fix': 'G:\\Code\\A_project\\QingGe\\vue\\node_modules\\@vueuse\\core\\node_modules\\.bin\\.vue-demi-fix-IA4gXP5d',
179 silly reify   'G:\\Code\\A_project\\QingGe\\vue\\node_modules\\@vueuse\\core\\node_modules\\.bin\\vue-demi-fix.cmd': 'G:\\Code\\A_project\\QingGe\\vue\\node_modules\\@vueuse\\core\\node_modules\\.bin\\.vue-demi-fix.cmd-WkdUZtIy',
179 silly reify   'G:\\Code\\A_project\\QingGe\\vue\\node_modules\\@vueuse\\core\\node_modules\\.bin\\vue-demi-fix.ps1': 'G:\\Code\\A_project\\QingGe\\vue\\node_modules\\@vueuse\\core\\node_modules\\.bin\\.vue-demi-fix.ps1-1DlJZ82W',
179 silly reify   'G:\\Code\\A_project\\QingGe\\vue\\node_modules\\@vueuse\\core\\node_modules\\.bin\\vue-demi-switch': 'G:\\Code\\A_project\\QingGe\\vue\\node_modules\\@vueuse\\core\\node_modules\\.bin\\.vue-demi-switch-cR2o1Bmm',
179 silly reify   'G:\\Code\\A_project\\QingGe\\vue\\node_modules\\@vueuse\\core\\node_modules\\.bin\\vue-demi-switch.cmd': 'G:\\Code\\A_project\\QingGe\\vue\\node_modules\\@vueuse\\core\\node_modules\\.bin\\.vue-demi-switch.cmd-GE6xQ1uP',
179 silly reify   'G:\\Code\\A_project\\QingGe\\vue\\node_modules\\@vueuse\\core\\node_modules\\.bin\\vue-demi-switch.ps1': 'G:\\Code\\A_project\\QingGe\\vue\\node_modules\\@vueuse\\core\\node_modules\\.bin\\.vue-demi-switch.ps1-wPMaSKjd',
179 silly reify   'G:\\Code\\A_project\\QingGe\\vue\\node_modules\\@vueuse\\shared\\node_modules\\vue-demi': 'G:\\Code\\A_project\\QingGe\\vue\\node_modules\\@vueuse\\shared\\node_modules\\.vue-demi-UixAk0OC',
179 silly reify   'G:\\Code\\A_project\\QingGe\\vue\\node_modules\\@vueuse\\shared\\node_modules\\.bin\\vue-demi-fix': 'G:\\Code\\A_project\\QingGe\\vue\\node_modules\\@vueuse\\shared\\node_modules\\.bin\\.vue-demi-fix-Gnz3hBkx',
179 silly reify   'G:\\Code\\A_project\\QingGe\\vue\\node_modules\\@vueuse\\shared\\node_modules\\.bin\\vue-demi-fix.cmd': 'G:\\Code\\A_project\\QingGe\\vue\\node_modules\\@vueuse\\shared\\node_modules\\.bin\\.vue-demi-fix.cmd-7Od1VEMM',
179 silly reify   'G:\\Code\\A_project\\QingGe\\vue\\node_modules\\@vueuse\\shared\\node_modules\\.bin\\vue-demi-fix.ps1': 'G:\\Code\\A_project\\QingGe\\vue\\node_modules\\@vueuse\\shared\\node_modules\\.bin\\.vue-demi-fix.ps1-mJ3zBtpB',
179 silly reify   'G:\\Code\\A_project\\QingGe\\vue\\node_modules\\@vueuse\\shared\\node_modules\\.bin\\vue-demi-switch': 'G:\\Code\\A_project\\QingGe\\vue\\node_modules\\@vueuse\\shared\\node_modules\\.bin\\.vue-demi-switch-02PAMTTn',
179 silly reify   'G:\\Code\\A_project\\QingGe\\vue\\node_modules\\@vueuse\\shared\\node_modules\\.bin\\vue-demi-switch.cmd': 'G:\\Code\\A_project\\QingGe\\vue\\node_modules\\@vueuse\\shared\\node_modules\\.bin\\.vue-demi-switch.cmd-RHj6VH6q',
179 silly reify   'G:\\Code\\A_project\\QingGe\\vue\\node_modules\\@vueuse\\shared\\node_modules\\.bin\\vue-demi-switch.ps1': 'G:\\Code\\A_project\\QingGe\\vue\\node_modules\\@vueuse\\shared\\node_modules\\.bin\\.vue-demi-switch.ps1-cSLursAM'
179 silly reify }
180 silly audit bulk request {
180 silly audit   vue: [ '3.5.26' ],
180 silly audit   '@babel/code-frame': [ '7.27.1' ],
180 silly audit   '@babel/compat-data': [ '7.28.5' ],
180 silly audit   '@babel/core': [ '7.28.5' ],
180 silly audit   '@babel/generator': [ '7.28.5' ],
180 silly audit   '@babel/helper-annotate-as-pure': [ '7.27.3' ],
180 silly audit   '@babel/helper-compilation-targets': [ '7.27.2' ],
180 silly audit   '@babel/helper-create-class-features-plugin': [ '7.28.5' ],
180 silly audit   '@babel/helper-globals': [ '7.28.0' ],
180 silly audit   '@babel/helper-member-expression-to-functions': [ '7.28.5' ],
180 silly audit   '@babel/helper-module-imports': [ '7.27.1' ],
180 silly audit   '@babel/helper-module-transforms': [ '7.28.3' ],
180 silly audit   '@babel/helper-optimise-call-expression': [ '7.27.1' ],
180 silly audit   '@babel/helper-plugin-utils': [ '7.27.1' ],
180 silly audit   '@babel/helper-replace-supers': [ '7.27.1' ],
180 silly audit   '@babel/helper-skip-transparent-expression-wrappers': [ '7.27.1' ],
180 silly audit   '@babel/helper-string-parser': [ '7.27.1' ],
180 silly audit   '@babel/helper-validator-identifier': [ '7.28.5' ],
180 silly audit   '@babel/helper-validator-option': [ '7.27.1' ],
180 silly audit   '@babel/helpers': [ '7.28.4' ],
180 silly audit   '@babel/parser': [ '7.28.5' ],
180 silly audit   '@babel/plugin-proposal-decorators': [ '7.28.0' ],
180 silly audit   '@babel/plugin-syntax-decorators': [ '7.27.1' ],
180 silly audit   '@babel/plugin-syntax-import-attributes': [ '7.27.1' ],
180 silly audit   '@babel/plugin-syntax-import-meta': [ '7.10.4' ],
180 silly audit   '@babel/plugin-syntax-jsx': [ '7.27.1' ],
180 silly audit   '@babel/plugin-syntax-typescript': [ '7.27.1' ],
180 silly audit   '@babel/plugin-transform-typescript': [ '7.28.5' ],
180 silly audit   '@babel/template': [ '7.27.2' ],
180 silly audit   '@babel/traverse': [ '7.28.5' ],
180 silly audit   '@babel/types': [ '7.28.5' ],
180 silly audit   '@ctrl/tinycolor': [ '3.6.1' ],
180 silly audit   '@element-plus/icons-vue': [ '2.3.2' ],
180 silly audit   '@esbuild/aix-ppc64': [ '0.27.2' ],
180 silly audit   '@esbuild/android-arm': [ '0.27.2' ],
180 silly audit   '@esbuild/android-arm64': [ '0.27.2' ],
180 silly audit   '@esbuild/android-x64': [ '0.27.2' ],
180 silly audit   '@esbuild/darwin-arm64': [ '0.27.2' ],
180 silly audit   '@esbuild/darwin-x64': [ '0.27.2' ],
180 silly audit   '@esbuild/freebsd-arm64': [ '0.27.2' ],
180 silly audit   '@esbuild/freebsd-x64': [ '0.27.2' ],
180 silly audit   '@esbuild/linux-arm': [ '0.27.2' ],
180 silly audit   '@esbuild/linux-arm64': [ '0.27.2' ],
180 silly audit   '@esbuild/linux-ia32': [ '0.27.2' ],
180 silly audit   '@esbuild/linux-loong64': [ '0.27.2' ],
180 silly audit   '@esbuild/linux-mips64el': [ '0.27.2' ],
180 silly audit   '@esbuild/linux-ppc64': [ '0.27.2' ],
180 silly audit   '@esbuild/linux-riscv64': [ '0.27.2' ],
180 silly audit   '@esbuild/linux-s390x': [ '0.27.2' ],
180 silly audit   '@esbuild/linux-x64': [ '0.27.2' ],
180 silly audit   '@esbuild/netbsd-arm64': [ '0.27.2' ],
180 silly audit   '@esbuild/netbsd-x64': [ '0.27.2' ],
180 silly audit   '@esbuild/openbsd-arm64': [ '0.27.2' ],
180 silly audit   '@esbuild/openbsd-x64': [ '0.27.2' ],
180 silly audit   '@esbuild/openharmony-arm64': [ '0.27.2' ],
180 silly audit   '@esbuild/sunos-x64': [ '0.27.2' ],
180 silly audit   '@esbuild/win32-arm64': [ '0.27.2' ],
180 silly audit   '@esbuild/win32-ia32': [ '0.27.2' ],
180 silly audit   '@esbuild/win32-x64': [ '0.27.2' ],
180 silly audit   '@floating-ui/core': [ '1.7.3' ],
180 silly audit   '@floating-ui/dom': [ '1.7.4' ],
180 silly audit   '@floating-ui/utils': [ '0.2.10' ],
180 silly audit   '@jridgewell/gen-mapping': [ '0.3.13' ],
180 silly audit   '@jridgewell/remapping': [ '2.3.5' ],
180 silly audit   '@jridgewell/resolve-uri': [ '3.1.2' ],
180 silly audit   '@jridgewell/sourcemap-codec': [ '1.5.5' ],
180 silly audit   '@jridgewell/trace-mapping': [ '0.3.31' ],
180 silly audit   '@nuxt/kit': [ '4.4.2' ],
180 silly audit   semver: [ '7.7.4', '6.3.1' ],
180 silly audit   '@polka/url': [ '1.0.0-next.29' ],
180 silly audit   '@sxzz/popperjs-es': [ '2.11.7' ],
180 silly audit   '@rolldown/pluginutils': [ '1.0.0-beta.53' ],
180 silly audit   '@rollup/rollup-android-arm-eabi': [ '4.55.1' ],
180 silly audit   '@rollup/rollup-android-arm64': [ '4.55.1' ],
180 silly audit   '@rollup/rollup-darwin-arm64': [ '4.55.1' ],
180 silly audit   '@rollup/rollup-darwin-x64': [ '4.55.1' ],
180 silly audit   '@rollup/rollup-freebsd-arm64': [ '4.55.1' ],
180 silly audit   '@rollup/rollup-freebsd-x64': [ '4.55.1' ],
180 silly audit   '@rollup/rollup-linux-arm-gnueabihf': [ '4.55.1' ],
180 silly audit   '@rollup/rollup-linux-arm-musleabihf': [ '4.55.1' ],
180 silly audit   '@rollup/rollup-linux-arm64-gnu': [ '4.55.1' ],
180 silly audit   '@rollup/rollup-linux-arm64-musl': [ '4.55.1' ],
180 silly audit   '@rollup/rollup-linux-loong64-gnu': [ '4.55.1' ],
180 silly audit   '@rollup/rollup-linux-loong64-musl': [ '4.55.1' ],
180 silly audit   '@rollup/rollup-linux-ppc64-gnu': [ '4.55.1' ],
180 silly audit   '@rollup/rollup-linux-ppc64-musl': [ '4.55.1' ],
180 silly audit   '@rollup/rollup-linux-riscv64-gnu': [ '4.55.1' ],
180 silly audit   '@rollup/rollup-linux-riscv64-musl': [ '4.55.1' ],
180 silly audit   '@rollup/rollup-linux-s390x-gnu': [ '4.55.1' ],
180 silly audit   '@rollup/rollup-linux-x64-gnu': [ '4.55.1' ],
180 silly audit   '@rollup/rollup-linux-x64-musl': [ '4.55.1' ],
180 silly audit   '@rollup/rollup-openbsd-x64': [ '4.55.1' ],
180 silly audit   '@rollup/rollup-openharmony-arm64': [ '4.55.1' ],
180 silly audit   '@rollup/rollup-win32-arm64-msvc': [ '4.55.1' ],
180 silly audit   '@rollup/rollup-win32-ia32-msvc': [ '4.55.1' ],
180 silly audit   '@rollup/rollup-win32-x64-gnu': [ '4.55.1' ],
180 silly audit   '@rollup/rollup-win32-x64-msvc': [ '4.60.4', '4.55.1' ],
180 silly audit   '@types/estree': [ '1.0.8' ],
180 silly audit   '@types/lodash': [ '4.17.21' ],
180 silly audit   '@types/lodash-es': [ '4.17.12' ],
180 silly audit   '@types/web-bluetooth': [ '0.0.20' ],
180 silly audit   '@vitejs/plugin-vue': [ '6.0.3' ],
180 silly audit   '@vue/babel-helper-vue-transform-on': [ '1.5.0' ],
180 silly audit   '@vue/babel-plugin-jsx': [ '1.5.0' ],
180 silly audit   '@vue/babel-plugin-resolve-type': [ '1.5.0' ],
180 silly audit   '@vue/compiler-core': [ '3.5.26' ],
180 silly audit   '@vue/compiler-dom': [ '3.5.26' ],
180 silly audit   '@vue/compiler-sfc': [ '3.5.26' ],
180 silly audit   '@vue/compiler-ssr': [ '3.5.26' ],
180 silly audit   '@vue/devtools-api': [ '6.6.4' ],
180 silly audit   '@vue/devtools-core': [ '8.0.5' ],
180 silly audit   nanoid: [ '5.1.6', '3.3.11' ],
180 silly audit   '@vue/devtools-kit': [ '8.0.5' ],
180 silly audit   '@vue/devtools-shared': [ '8.0.5' ],
180 silly audit   '@vue/reactivity': [ '3.5.26' ],
180 silly audit   '@vue/runtime-core': [ '3.5.26' ],
180 silly audit   '@vue/runtime-dom': [ '3.5.26' ],
180 silly audit   '@vue/server-renderer': [ '3.5.26' ],
180 silly audit   '@vue/shared': [ '3.5.26' ],
180 silly audit   '@vueuse/core': [ '10.11.1' ],
180 silly audit   'vue-demi': [ '0.14.10' ],
180 silly audit   '@vueuse/metadata': [ '10.11.1' ],
180 silly audit   '@vueuse/shared': [ '10.11.1' ],
180 silly audit   acorn: [ '8.16.0' ],
180 silly audit   ansis: [ '4.2.0' ],
180 silly audit   anymatch: [ '3.1.3' ],
180 silly audit   picomatch: [ '2.3.2', '4.0.3' ],
180 silly audit   'async-validator': [ '4.2.5' ],
180 silly audit   'baseline-browser-mapping': [ '2.9.12' ],
180 silly audit   'binary-extensions': [ '2.3.0' ],
180 silly audit   birpc: [ '2.9.0' ],
180 silly audit   braces: [ '3.0.3' ],
180 silly audit   browserslist: [ '4.28.1' ],
180 silly audit   'bundle-name': [ '4.1.0' ],
180 silly audit   c12: [ '3.3.4' ],
180 silly audit   chokidar: [ '5.0.0', '3.6.0' ],
180 silly audit   readdirp: [ '5.0.0', '3.6.0' ],
180 silly audit   'caniuse-lite': [ '1.0.30001763' ],
180 silly audit   citty: [ '0.1.6' ],
180 silly audit   confbox: [ '0.2.4', '0.1.8' ],
180 silly audit   consola: [ '3.4.2' ],
180 silly audit   'convert-source-map': [ '2.0.0' ],
180 silly audit   'copy-anything': [ '4.0.5' ],
180 silly audit   csstype: [ '3.2.3' ],
180 silly audit   dayjs: [ '1.11.19' ],
180 silly audit   debug: [ '4.4.3' ],
180 silly audit   'default-browser': [ '5.4.0' ],
180 silly audit   'default-browser-id': [ '5.0.1' ],
180 silly audit   'define-lazy-prop': [ '3.0.0' ],
180 silly audit   defu: [ '6.1.7' ],
180 silly audit   destr: [ '2.0.5' ],
180 silly audit   dotenv: [ '17.4.1' ],
180 silly audit   'electron-to-chromium': [ '1.5.267' ],
180 silly audit   'element-plus': [ '2.13.0' ],
180 silly audit   entities: [ '7.0.0' ],
180 silly audit   'error-stack-parser-es': [ '1.0.5' ],
180 silly audit   errx: [ '0.1.0' ],
180 silly audit   'es-module-lexer': [ '2.0.0' ],
180 silly audit   esbuild: [ '0.27.2' ],
180 silly audit   escalade: [ '3.2.0' ],
180 silly audit   'escape-string-regexp': [ '5.0.0' ],
180 silly audit   'estree-walker': [ '2.0.2', '3.0.3' ],
180 silly audit   exsolve: [ '1.0.8' ],
180 silly audit   fdir: [ '6.5.0' ],
180 silly audit   'fill-range': [ '7.1.1' ],
180 silly audit   fsevents: [ '2.3.3' ],
180 silly audit   gensync: [ '1.0.0-beta.2' ],
180 silly audit   giget: [ '3.2.0' ],
180 silly audit   'glob-parent': [ '5.1.2' ],
180 silly audit   hookable: [ '5.5.3' ],
180 silly audit   ignore: [ '7.0.5' ],
180 silly audit   immutable: [ '4.3.8' ],
180 silly audit   'is-binary-path': [ '2.1.0' ],
180 silly audit   'is-docker': [ '3.0.0' ],
180 silly audit   'is-extglob': [ '2.1.1' ],
180 silly audit   'is-glob': [ '4.0.3' ],
180 silly audit   'is-inside-container': [ '1.0.0' ],
180 silly audit   'is-number': [ '7.0.0' ],
180 silly audit   'is-what': [ '5.5.0' ],
180 silly audit   'is-wsl': [ '3.1.0' ],
180 silly audit   jiti: [ '2.6.1' ],
180 silly audit   'js-tokens': [ '4.0.0', '9.0.1' ],
180 silly audit   jsesc: [ '3.1.0' ],
180 silly audit   json5: [ '2.2.3' ],
180 silly audit   klona: [ '2.0.6' ],
180 silly audit   knitwork: [ '1.3.0' ],
180 silly audit   kolorist: [ '1.8.0' ],
180 silly audit   'local-pkg': [ '1.1.2' ],
180 silly audit   lodash: [ '4.17.21' ],
180 silly audit   'lodash-es': [ '4.17.22' ],
180 silly audit   'lodash-unified': [ '1.0.3' ],
180 silly audit   'lru-cache': [ '5.1.1' ],
180 silly audit   'magic-string': [ '0.30.21' ],
180 silly audit   'memoize-one': [ '6.0.0' ],
180 silly audit   mitt: [ '3.0.1' ],
180 silly audit   mlly: [ '1.8.2' ],
180 silly audit   'pkg-types': [ '1.3.1', '2.3.0' ],
180 silly audit   mrmime: [ '2.0.1' ],
180 silly audit   ms: [ '2.1.3' ],
180 silly audit   'node-releases': [ '2.0.27' ],
180 silly audit   'normalize-path': [ '3.0.0' ],
180 silly audit   'normalize-wheel-es': [ '1.2.0' ],
180 silly audit   obug: [ '2.1.1' ],
180 silly audit   ohash: [ '2.0.11' ],
180 silly audit   open: [ '10.2.0' ],
180 silly audit   pathe: [ '2.0.3' ],
180 silly audit   'perfect-debounce': [ '2.1.0' ],
180 silly audit   picocolors: [ '1.1.1' ],
180 silly audit   postcss: [ '8.5.6' ],
180 silly audit   quansync: [ '0.2.11' ],
180 silly audit   rc9: [ '3.0.1' ],
180 silly audit   rfdc: [ '1.4.1' ],
180 silly audit   'rolldown-string': [ '0.2.1' ],
180 silly audit   rollup: [ '4.55.1' ],
180 silly audit   'run-applescript': [ '7.1.0' ],
180 silly audit   sass: [ '1.71.1' ],
180 silly audit   scule: [ '1.3.0' ],
180 silly audit   sirv: [ '3.0.2' ],
180 silly audit   'source-map-js': [ '1.2.1' ],
180 silly audit   speakingurl: [ '14.0.1' ],
180 silly audit   'strip-literal': [ '3.1.0' ],
180 silly audit   superjson: [ '2.2.6' ],
180 silly audit   tinyglobby: [ '0.2.15' ],
180 silly audit   'to-regex-range': [ '5.0.1' ],
180 silly audit   totalist: [ '3.0.1' ],
180 silly audit   ufo: [ '1.6.3' ],
180 silly audit   unctx: [ '2.5.0' ],
180 silly audit   unimport: [ '5.7.0' ],
180 silly audit   unplugin: [ '2.3.11', '3.0.0' ],
180 silly audit   'unplugin-auto-import': [ '21.0.0' ],
180 silly audit   'unplugin-element-plus': [ '0.11.2' ],
180 silly audit   'unplugin-utils': [ '0.3.1' ],
180 silly audit   'unplugin-vue-components': [ '32.0.0' ],
180 silly audit   untyped: [ '2.0.0' ],
180 silly audit   'update-browserslist-db': [ '1.2.3' ],
180 silly audit   vite: [ '7.3.1' ],
180 silly audit   'vite-dev-rpc': [ '1.1.0' ],
180 silly audit   'vite-hot-client': [ '2.1.0' ],
180 silly audit   'vite-plugin-inspect': [ '11.3.3' ],
180 silly audit   'vite-plugin-vue-devtools': [ '8.0.5' ],
180 silly audit   'vite-plugin-vue-inspector': [ '5.3.2' ],
180 silly audit   'vue-router': [ '4.6.4' ],
180 silly audit   'webpack-virtual-modules': [ '0.6.2' ],
180 silly audit   'wsl-utils': [ '0.1.0' ],
180 silly audit   yallist: [ '3.1.1' ],
180 silly audit   axios: [ '1.17.0' ],
180 silly audit   'path-browserify': [ '1.0.1' ],
180 silly audit   pinia: [ '2.3.1' ],
180 silly audit   'follow-redirects': [ '1.16.0' ],
180 silly audit   'form-data': [ '4.0.5' ],
180 silly audit   'https-proxy-agent': [ '5.0.1' ],
180 silly audit   'proxy-from-env': [ '2.1.0' ],
180 silly audit   asynckit: [ '0.4.0' ],
180 silly audit   'combined-stream': [ '1.0.8' ],
180 silly audit   'es-set-tostringtag': [ '2.1.0' ],
180 silly audit   hasown: [ '2.0.4' ],
180 silly audit   'mime-types': [ '2.1.35' ],
180 silly audit   'delayed-stream': [ '1.0.0' ],
180 silly audit   'es-errors': [ '1.3.0' ],
180 silly audit   'get-intrinsic': [ '1.3.0' ],
180 silly audit   'has-tostringtag': [ '1.0.2' ],
180 silly audit   'call-bind-apply-helpers': [ '1.0.2' ],
180 silly audit   'es-define-property': [ '1.0.1' ],
180 silly audit   'es-object-atoms': [ '1.1.2' ],
180 silly audit   'function-bind': [ '1.1.2' ],
180 silly audit   'get-proto': [ '1.0.1' ],
180 silly audit   gopd: [ '1.2.0' ],
180 silly audit   'has-symbols': [ '1.1.0' ],
180 silly audit   'math-intrinsics': [ '1.1.0' ],
180 silly audit   'dunder-proto': [ '1.0.1' ],
180 silly audit   'agent-base': [ '6.0.2' ],
180 silly audit   'mime-db': [ '1.52.0' ]
180 silly audit }
181 http cache vue-demi@https://registry.npmmirror.com/vue-demi/-/vue-demi-0.14.10.tgz 0ms (cache hit)
182 http cache agent-base@https://registry.npmmirror.com/agent-base/-/agent-base-6.0.2.tgz 0ms (cache hit)
183 http cache dunder-proto@https://registry.npmmirror.com/dunder-proto/-/dunder-proto-1.0.1.tgz 0ms (cache hit)
184 http cache math-intrinsics@https://registry.npmmirror.com/math-intrinsics/-/math-intrinsics-1.1.0.tgz 0ms (cache hit)
185 http cache mime-db@https://registry.npmmirror.com/mime-db/-/mime-db-1.52.0.tgz 0ms (cache hit)
186 http cache has-symbols@https://registry.npmmirror.com/has-symbols/-/has-symbols-1.1.0.tgz 0ms (cache hit)
187 http cache gopd@https://registry.npmmirror.com/gopd/-/gopd-1.2.0.tgz 0ms (cache hit)
188 http cache get-proto@https://registry.npmmirror.com/get-proto/-/get-proto-1.0.1.tgz 0ms (cache hit)
189 http cache function-bind@https://registry.npmmirror.com/function-bind/-/function-bind-1.1.2.tgz 0ms (cache hit)
190 http cache es-object-atoms@https://registry.npmmirror.com/es-object-atoms/-/es-object-atoms-1.1.2.tgz 0ms (cache hit)
191 http cache es-define-property@https://registry.npmmirror.com/es-define-property/-/es-define-property-1.0.1.tgz 0ms (cache hit)
192 http cache call-bind-apply-helpers@https://registry.npmmirror.com/call-bind-apply-helpers/-/call-bind-apply-helpers-1.0.2.tgz 0ms (cache hit)
193 http cache has-tostringtag@https://registry.npmmirror.com/has-tostringtag/-/has-tostringtag-1.0.2.tgz 0ms (cache hit)
194 http cache es-errors@https://registry.npmmirror.com/es-errors/-/es-errors-1.3.0.tgz 0ms (cache hit)
195 http cache get-intrinsic@https://registry.npmmirror.com/get-intrinsic/-/get-intrinsic-1.3.0.tgz 0ms (cache hit)
196 http cache delayed-stream@https://registry.npmmirror.com/delayed-stream/-/delayed-stream-1.0.0.tgz 0ms (cache hit)
197 http cache mime-types@https://registry.npmmirror.com/mime-types/-/mime-types-2.1.35.tgz 0ms (cache hit)
198 http cache hasown@https://registry.npmmirror.com/hasown/-/hasown-2.0.4.tgz 0ms (cache hit)
199 http cache es-set-tostringtag@https://registry.npmmirror.com/es-set-tostringtag/-/es-set-tostringtag-2.1.0.tgz 0ms (cache hit)
200 http cache combined-stream@https://registry.npmmirror.com/combined-stream/-/combined-stream-1.0.8.tgz 0ms (cache hit)
201 http cache asynckit@https://registry.npmmirror.com/asynckit/-/asynckit-0.4.0.tgz 0ms (cache hit)
202 http cache proxy-from-env@https://registry.npmmirror.com/proxy-from-env/-/proxy-from-env-2.1.0.tgz 0ms (cache hit)
203 http cache https-proxy-agent@https://registry.npmmirror.com/https-proxy-agent/-/https-proxy-agent-5.0.1.tgz 0ms (cache hit)
204 http cache form-data@https://registry.npmmirror.com/form-data/-/form-data-4.0.5.tgz 0ms (cache hit)
205 http cache path-browserify@https://registry.npmmirror.com/path-browserify/-/path-browserify-1.0.1.tgz 0ms (cache hit)
206 http cache axios@https://registry.npmmirror.com/axios/-/axios-1.17.0.tgz 0ms (cache hit)
207 http cache follow-redirects@https://registry.npmmirror.com/follow-redirects/-/follow-redirects-1.16.0.tgz 0ms (cache hit)
208 http cache pinia@https://registry.npmmirror.com/pinia/-/pinia-2.3.1.tgz 0ms (cache hit)
209 silly tarball no local data for agent-base@https://registry.npmmirror.com/agent-base/-/agent-base-6.0.2.tgz. Extracting by manifest.
210 silly tarball no local data for dunder-proto@https://registry.npmmirror.com/dunder-proto/-/dunder-proto-1.0.1.tgz. Extracting by manifest.
211 silly tarball no local data for math-intrinsics@https://registry.npmmirror.com/math-intrinsics/-/math-intrinsics-1.1.0.tgz. Extracting by manifest.
212 silly tarball no local data for mime-db@https://registry.npmmirror.com/mime-db/-/mime-db-1.52.0.tgz. Extracting by manifest.
213 silly tarball no local data for has-symbols@https://registry.npmmirror.com/has-symbols/-/has-symbols-1.1.0.tgz. Extracting by manifest.
214 silly tarball no local data for gopd@https://registry.npmmirror.com/gopd/-/gopd-1.2.0.tgz. Extracting by manifest.
215 silly tarball no local data for get-proto@https://registry.npmmirror.com/get-proto/-/get-proto-1.0.1.tgz. Extracting by manifest.
216 silly tarball no local data for function-bind@https://registry.npmmirror.com/function-bind/-/function-bind-1.1.2.tgz. Extracting by manifest.
217 silly tarball no local data for es-object-atoms@https://registry.npmmirror.com/es-object-atoms/-/es-object-atoms-1.1.2.tgz. Extracting by manifest.
218 silly tarball no local data for es-define-property@https://registry.npmmirror.com/es-define-property/-/es-define-property-1.0.1.tgz. Extracting by manifest.
219 silly tarball no local data for call-bind-apply-helpers@https://registry.npmmirror.com/call-bind-apply-helpers/-/call-bind-apply-helpers-1.0.2.tgz. Extracting by manifest.
220 silly tarball no local data for has-tostringtag@https://registry.npmmirror.com/has-tostringtag/-/has-tostringtag-1.0.2.tgz. Extracting by manifest.
221 silly tarball no local data for es-errors@https://registry.npmmirror.com/es-errors/-/es-errors-1.3.0.tgz. Extracting by manifest.
222 silly tarball no local data for get-intrinsic@https://registry.npmmirror.com/get-intrinsic/-/get-intrinsic-1.3.0.tgz. Extracting by manifest.
223 silly tarball no local data for delayed-stream@https://registry.npmmirror.com/delayed-stream/-/delayed-stream-1.0.0.tgz. Extracting by manifest.
224 silly tarball no local data for mime-types@https://registry.npmmirror.com/mime-types/-/mime-types-2.1.35.tgz. Extracting by manifest.
225 silly tarball no local data for hasown@https://registry.npmmirror.com/hasown/-/hasown-2.0.4.tgz. Extracting by manifest.
226 silly tarball no local data for es-set-tostringtag@https://registry.npmmirror.com/es-set-tostringtag/-/es-set-tostringtag-2.1.0.tgz. Extracting by manifest.
227 silly tarball no local data for combined-stream@https://registry.npmmirror.com/combined-stream/-/combined-stream-1.0.8.tgz. Extracting by manifest.
228 silly tarball no local data for asynckit@https://registry.npmmirror.com/asynckit/-/asynckit-0.4.0.tgz. Extracting by manifest.
229 silly tarball no local data for proxy-from-env@https://registry.npmmirror.com/proxy-from-env/-/proxy-from-env-2.1.0.tgz. Extracting by manifest.
230 silly tarball no local data for https-proxy-agent@https://registry.npmmirror.com/https-proxy-agent/-/https-proxy-agent-5.0.1.tgz. Extracting by manifest.
231 silly tarball no local data for form-data@https://registry.npmmirror.com/form-data/-/form-data-4.0.5.tgz. Extracting by manifest.
232 silly tarball no local data for path-browserify@https://registry.npmmirror.com/path-browserify/-/path-browserify-1.0.1.tgz. Extracting by manifest.
233 silly tarball no local data for axios@https://registry.npmmirror.com/axios/-/axios-1.17.0.tgz. Extracting by manifest.
234 silly tarball no local data for follow-redirects@https://registry.npmmirror.com/follow-redirects/-/follow-redirects-1.16.0.tgz. Extracting by manifest.
235 silly tarball no local data for pinia@https://registry.npmmirror.com/pinia/-/pinia-2.3.1.tgz. Extracting by manifest.
236 http fetch POST 404 https://registry.npmmirror.com/-/npm/v1/security/advisories/bulk 167ms (cache skip)
237 verbose audit error HttpErrorGeneral: 404 Not Found - POST https://registry.npmmirror.com/-/npm/v1/security/advisories/bulk - [NOT_IMPLEMENTED] /-/npm/v1/security/* not implemented yet
237 verbose audit error     at H:\A_Program\node\node_modules\npm\node_modules\npm-registry-fetch\lib\check-response.js:103:15
237 verbose audit error     at process.processTicksAndRejections (node:internal/process/task_queues:104:5)
237 verbose audit error     at async #getReport (H:\A_Program\node\node_modules\npm\node_modules\@npmcli\arborist\lib\audit-report.js:275:19)
237 verbose audit error     at async AuditReport.run (H:\A_Program\node\node_modules\npm\node_modules\@npmcli\arborist\lib\audit-report.js:100:19) {
237 verbose audit error   headers: [Object: null prototype] {
237 verbose audit error     server: [ 'Tengine' ],
237 verbose audit error     date: [ 'Fri, 05 Jun 2026 11:10:50 GMT' ],
237 verbose audit error     'content-type': [ 'application/json' ],
237 verbose audit error     'transfer-encoding': [ 'chunked' ],
237 verbose audit error     connection: [ 'keep-alive' ],
237 verbose audit error     'strict-transport-security': [ 'max-age=5184000' ],
237 verbose audit error     via: [ 'kunlun1.cn9039[,404666]' ],
237 verbose audit error     'timing-allow-origin': [ '*' ],
237 verbose audit error     eagleid: [ '78e9180617806578506871983e' ],
237 verbose audit error     'x-fetch-attempts': [ '1' ],
237 verbose audit error     'x-local-cache-status': [ 'skip' ]
237 verbose audit error   },
237 verbose audit error   statusCode: 404,
237 verbose audit error   code: 'E404',
237 verbose audit error   method: 'POST',
237 verbose audit error   uri: 'https://registry.npmmirror.com/-/npm/v1/security/advisories/bulk',
237 verbose audit error   body: {
237 verbose audit error     error: '[NOT_IMPLEMENTED] /-/npm/v1/security/* not implemented yet'
237 verbose audit error   },
237 verbose audit error   pkgid: undefined
237 verbose audit error }
238 silly audit error [object Object]
239 silly audit report null
240 http fetch GET 200 https://cdn.npmmirror.com/packages/dunder-proto/1.0.1/dunder-proto-1.0.1.tgz 155ms (cache miss)
241 http fetch GET 200 https://cdn.npmmirror.com/packages/math-intrinsics/1.1.0/math-intrinsics-1.1.0.tgz 154ms (cache miss)
242 http fetch GET 200 https://cdn.npmmirror.com/packages/delayed-stream/1.0.0/delayed-stream-1.0.0.tgz 237ms (cache miss)
243 http fetch GET 200 https://cdn.npmmirror.com/packages/has-symbols/1.1.0/has-symbols-1.1.0.tgz 245ms (cache miss)
244 http fetch GET 200 https://cdn.npmmirror.com/packages/combined-stream/1.0.8/combined-stream-1.0.8.tgz 242ms (cache miss)
245 http fetch GET 200 https://cdn.npmmirror.com/packages/has-tostringtag/1.0.2/has-tostringtag-1.0.2.tgz 253ms (cache miss)
246 http fetch GET 200 https://cdn.npmmirror.com/packages/es-object-atoms/1.1.2/es-object-atoms-1.1.2.tgz 256ms (cache miss)
247 http fetch GET 200 https://cdn.npmmirror.com/packages/https-proxy-agent/5.0.1/https-proxy-agent-5.0.1.tgz 253ms (cache miss)
248 http fetch GET 200 https://cdn.npmmirror.com/packages/gopd/1.2.0/gopd-1.2.0.tgz 261ms (cache miss)
249 http fetch GET 200 https://cdn.npmmirror.com/packages/follow-redirects/1.16.0/follow-redirects-1.16.0.tgz 253ms (cache miss)
250 http fetch GET 200 https://cdn.npmmirror.com/packages/proxy-from-env/2.1.0/proxy-from-env-2.1.0.tgz 258ms (cache miss)
251 http fetch GET 200 https://cdn.npmmirror.com/packages/mime-types/2.1.35/mime-types-2.1.35.tgz 262ms (cache miss)
252 http fetch GET 200 https://cdn.npmmirror.com/packages/asynckit/0.4.0/asynckit-0.4.0.tgz 261ms (cache miss)
253 http fetch GET 200 https://cdn.npmmirror.com/packages/mime-db/1.52.0/mime-db-1.52.0.tgz 276ms (cache miss)
254 http fetch GET 200 https://cdn.npmmirror.com/packages/agent-base/6.0.2/agent-base-6.0.2.tgz 279ms (cache miss)
255 http fetch GET 200 https://cdn.npmmirror.com/packages/es-set-tostringtag/2.1.0/es-set-tostringtag-2.1.0.tgz 280ms (cache miss)
256 http fetch GET 200 https://cdn.npmmirror.com/packages/get-intrinsic/1.3.0/get-intrinsic-1.3.0.tgz 292ms (cache miss)
257 http fetch GET 200 https://cdn.npmmirror.com/packages/es-errors/1.3.0/es-errors-1.3.0.tgz 295ms (cache miss)
258 http fetch GET 200 https://cdn.npmmirror.com/packages/hasown/2.0.4/hasown-2.0.4.tgz 294ms (cache miss)
259 http fetch GET 200 https://cdn.npmmirror.com/packages/form-data/4.0.5/form-data-4.0.5.tgz 292ms (cache miss)
260 http fetch GET 200 https://cdn.npmmirror.com/packages/es-define-property/1.0.1/es-define-property-1.0.1.tgz 299ms (cache miss)
261 http fetch GET 200 https://cdn.npmmirror.com/packages/function-bind/1.1.2/function-bind-1.1.2.tgz 314ms (cache miss)
262 http fetch GET 200 https://cdn.npmmirror.com/packages/get-proto/1.0.1/get-proto-1.0.1.tgz 317ms (cache miss)
263 http fetch GET 200 https://cdn.npmmirror.com/packages/call-bind-apply-helpers/1.0.2/call-bind-apply-helpers-1.0.2.tgz 324ms (cache miss)
264 http fetch GET 200 https://cdn.npmmirror.com/packages/pinia/2.3.1/pinia-2.3.1.tgz 320ms (cache miss)
265 http fetch GET 200 https://cdn.npmmirror.com/packages/path-browserify/1.0.1/path-browserify-1.0.1.tgz 325ms (cache miss)
266 http fetch GET 200 https://cdn.npmmirror.com/packages/axios/1.17.0/axios-1.17.0.tgz 467ms (cache miss)
267 info run vue-demi@0.14.10 postinstall node_modules/vue-demi node -e "try{require('./scripts/postinstall.js')}catch(e){}"
268 info run vue-demi@0.14.10 postinstall { code: 0, signal: null }
269 silly ADD node_modules/vue-demi
270 silly ADD node_modules/mime-db
271 silly ADD node_modules/agent-base
272 silly ADD node_modules/dunder-proto
273 silly ADD node_modules/math-intrinsics
274 silly ADD node_modules/has-symbols
275 silly ADD node_modules/gopd
276 silly ADD node_modules/get-proto
277 silly ADD node_modules/function-bind
278 silly ADD node_modules/es-object-atoms
279 silly ADD node_modules/es-define-property
280 silly ADD node_modules/call-bind-apply-helpers
281 silly ADD node_modules/has-tostringtag
282 silly ADD node_modules/get-intrinsic
283 silly ADD node_modules/es-errors
284 silly ADD node_modules/delayed-stream
285 silly ADD node_modules/mime-types
286 silly ADD node_modules/hasown
287 silly ADD node_modules/es-set-tostringtag
288 silly ADD node_modules/combined-stream
289 silly ADD node_modules/asynckit
290 silly ADD node_modules/proxy-from-env
291 silly ADD node_modules/https-proxy-agent
292 silly ADD node_modules/form-data
293 silly ADD node_modules/follow-redirects
294 silly ADD node_modules/pinia
295 silly ADD node_modules/path-browserify
296 silly ADD node_modules/axios
297 silly REMOVE node_modules/@vueuse/shared/node_modules/vue-demi
298 silly REMOVE node_modules/@vueuse/core/node_modules/vue-demi
299 verbose cwd G:\Code\A_project\QingGe\vue
300 verbose os Windows_NT 10.0.26200
301 verbose node v24.15.0
302 verbose npm  v11.12.1
303 verbose exit 0
304 info ok
